#
# A fatal error has been detected by the Java Runtime Environment:
#
#  EXCEPTION_ACCESS_VIOLATION (0xc0000005) at pc=0x00007ff9208cfd9b, pid=35932, tid=39840
#
# JRE version: OpenJDK Runtime Environment (21.0.10) (build 21.0.10+-14961533-b1163.108)
# Java VM: OpenJDK 64-Bit Server VM (21.0.10+-14961533-b1163.108, mixed mode, tiered, compressed oops, compressed class ptrs, g1 gc, windows-amd64)
# Problematic frame:
# V  [jvm.dll+0x6ffd9b]
#
# No core dump will be written. Minidumps are not enabled by default on client versions of Windows
#
# If you would like to submit a bug report, please visit:
#   https://youtrack.jetbrains.com/issues/JBR
#

---------------  S U M M A R Y ------------

Command Line: --add-opens=java.base/java.lang=ALL-UNNAMED --add-opens=java.base/java.lang.invoke=ALL-UNNAMED --add-opens=java.base/java.util=ALL-UNNAMED --add-opens=java.prefs/java.util.prefs=ALL-UNNAMED --add-exports=jdk.compiler/com.sun.tools.javac.api=ALL-UNNAMED --add-exports=jdk.compiler/com.sun.tools.javac.util=ALL-UNNAMED --add-opens=java.base/java.nio.charset=ALL-UNNAMED --add-opens=java.base/java.net=ALL-UNNAMED --add-opens=java.base/java.util.concurrent=ALL-UNNAMED --add-opens=java.base/java.util.concurrent.atomic=ALL-UNNAMED --add-opens=java.xml/javax.xml.namespace=ALL-UNNAMED --add-opens=java.base/java.time=ALL-UNNAMED -Xmx2048m -Dfile.encoding=UTF-8 -Duser.country=CA -Duser.language=en -Duser.variant -javaagent:C:\Users\azamb\.gradle\wrapper\dists\gradle-9.5.0-bin\bvnork1r7n8i6kp5cnkibsc9q\gradle-9.5.0\lib\agents\gradle-instrumentation-agent-9.5.0.jar org.gradle.launcher.daemon.bootstrap.GradleDaemon 9.5.0

Host: Intel(R) Core(TM) i7-10850H CPU @ 2.70GHz, 12 cores, 63G,  Windows 11 , 64 bit Build 26100 (10.0.26100.9278)
Time: Mon Aug 31 14:38:59 2026 Eastern Summer Time elapsed time: 5.735230 seconds (0d 0h 0m 5s)

---------------  T H R E A D  ---------------

Current thread (0x00000255d4994d40):  JavaThread "C2 CompilerThread1" daemon [_thread_in_native, id=39840, stack(0x000000de67e00000,0x000000de67f00000) (1024K)]


Current CompileTask:
C2:5735 6327   !   4       java.util.concurrent.ConcurrentHashMap::putVal (432 bytes)

Stack: [0x000000de67e00000,0x000000de67f00000],  sp=0x000000de67efc2c0,  free space=1008k
Native frames: (J=compiled Java code, j=interpreted, Vv=VM code, C=native code)
V  [jvm.dll+0x6ffd9b]
V  [jvm.dll+0x25442e]
V  [jvm.dll+0x24ac5b]
V  [jvm.dll+0x24909e]
V  [jvm.dll+0x1c76e4]
V  [jvm.dll+0x25891e]
V  [jvm.dll+0x256e66]
V  [jvm.dll+0x3f513e]
V  [jvm.dll+0x80fd28]
V  [jvm.dll+0x6d60fd]
C  [ucrtbase.dll+0x2cd30]
C  [KERNEL32.DLL+0x2ccb7]
C  [ntdll.dll+0xacaec]


siginfo: EXCEPTION_ACCESS_VIOLATION (0xc0000005), reading address 0x00000255c45870c0


Registers:
RAX=0x00000255e0383b70, RBX=0x000000000000032c, RCX=0x00000255c45870c0, RDX=0x00000255dd94f870
RSP=0x000000de67efc2c0, RBP=0x0000000000001000, RSI=0x00000255dd94f870, RDI=0x000000000000001d
R8 =0x0000000000000000, R9 =0x0000000000000000, R10=0x00000255e09bf988, R11=0x0000000000000000
R12=0x00000255d45882c0, R13=0x0000000000000000, R14=0x0000000000001960, R15=0x000000de67efc500
RIP=0x00007ff9208cfd9b, EFLAGS=0x0000000000010206

XMM[0]=0x0000000000000000 0x0000000000000000
XMM[1]=0x00000255e091c620 0x00000255e09183c0
XMM[2]=0x00000255d9b403c8 0x00000255e02919f8
XMM[3]=0x00000255e06fd640 0x00000255d9b3f080
XMM[4]=0x00000255debdd1c0 0x00000255de37a388
XMM[5]=0x00000255d9b40d68 0x00000255d9b3fdf8
XMM[6]=0x0000000000000000 0x0000000000000000
XMM[7]=0x0000000000000000 0x0000000000000000
XMM[8]=0x0000000000000000 0x0000000000000000
XMM[9]=0x0000000000000000 0x0000000000000000
XMM[10]=0x0000000000000000 0x0000000000000000
XMM[11]=0x0000000000000000 0x0000000000000000
XMM[12]=0x0000000000000000 0x0000000000000000
XMM[13]=0x0000000000000000 0x0000000000000000
XMM[14]=0x0000000000000000 0x0000000000000000
XMM[15]=0x0000000000000000 0x0000000000000000
  MXCSR=0x00001fa0


Register to memory mapping:

RAX=0x00000255e0383b70 points into unknown readable memory: 0x00000255d4587130 | 30 71 58 d4 55 02 00 00
RBX=0x000000000000032c is an unknown value
RCX=0x00000255c45870c0 is an unknown value
RDX=0x00000255dd94f870 points into unknown readable memory: 0x000000de67efe6d0 | d0 e6 ef 67 de 00 00 00
RSP=0x000000de67efc2c0 is pointing into the stack for thread: 0x00000255d4994d40
RBP=0x0000000000001000 is an unknown value
RSI=0x00000255dd94f870 points into unknown readable memory: 0x000000de67efe6d0 | d0 e6 ef 67 de 00 00 00
RDI=0x000000000000001d is an unknown value
R8 =0x0 is null
R9 =0x0 is null
R10=0x00000255e09bf988 points into unknown readable memory: 0x00007ff920bbe6c8 | c8 e6 bb 20 f9 7f 00 00
R11=0x0 is null
R12=0x00000255d45882c0 points into unknown readable memory: 0x00007ff920bbd460 | 60 d4 bb 20 f9 7f 00 00
R13=0x0 is null
R14=0x0000000000001960 is an unknown value
R15=0x000000de67efc500 is pointing into the stack for thread: 0x00000255d4994d40

Top of Stack: (sp=0x000000de67efc2c0)
0x000000de67efc2c0:   00000000000002cc 0000000000001000
0x000000de67efc2d0:   00000255dd94f870 000000000000001d
0x000000de67efc2e0:   00000255de37b6f8 00007ff9208cee6e
0x000000de67efc2f0:   0000000000000002 000000000000057a
0x000000de67efc300:   00000255d48158f0 000000de67efc500
0x000000de67efc310:   00000255d9b3bcb0 00007ff92042442e
0x000000de67efc320:   000000de67efc3a0 00000255e091cd98
0x000000de67efc330:   000000000000001d 00000255de37b6f8
0x000000de67efc340:   00000255d478cfe0 00007ff900000800
0x000000de67efc350:   00000255df2a3c70 00007ff90000057a
0x000000de67efc360:   0000000000000080 00000255df2a3a70
0x000000de67efc370:   0000000000000080 00000255d478cfe0
0x000000de67efc380:   0000000000000000 0000000000000000
0x000000de67efc390:   00000255d48158f0 0000000000000000
0x000000de67efc3a0:   00000255bc49f8b0 0000000000000034
0x000000de67efc3b0:   000000de67efc4c0 00007ff92041ac5b
0x000000de67efc3c0:   000000de67efe5a0 00007ff920b2cc58
0x000000de67efc3d0:   0000000000000002 0000000000000034
0x000000de67efc3e0:   00000001001f9500 00007ff9208ced4d
0x000000de67efc3f0:   0000000000000000 0000000000000000
0x000000de67efc400:   0000000000000018 0000000000000000
0x000000de67efc410:   00000255df2a0bc0 00007ff920b2cc58
0x000000de67efc420:   0000000000000000 000000de67efe5a0
0x000000de67efc430:   0000000000000000 00007ff920b2cc58
0x000000de67efc440:   0000000000000000 000000010006a968
0x000000de67efc450:   0000000100056370 00007ff9208f09b5
0x000000de67efc460:   000000000000000c 00000001001f95c0
0x000000de67efc470:   00000001001f95c0 00000255d478cfe0
0x000000de67efc480:   00000255df2a0bc0 00000255df2a3078
0x000000de67efc490:   00000255df2a8ba8 0000000000010388
0x000000de67efc4a0:   00000255df2a0000 0000000000000000
0x000000de67efc4b0:   0000025500000001 00007ffa24b2ad00 

Instructions: (pc=0x00007ff9208cfd9b)
0x00007ff9208cfc9b:   08 00 00 00 00 eb 24 48 83 e9 10 49 8b d6 48 89
0x00007ff9208cfcab:   4c 24 20 48 8b 8e 68 09 00 00 e8 46 58 fb ff 48
0x00007ff9208cfcbb:   8b 4e 10 49 8b d6 e8 da 48 b5 ff 48 8b 44 24 20
0x00007ff9208cfccb:   48 3b 44 24 30 0f 83 9b fd ff ff 48 8b ac 24 88
0x00007ff9208cfcdb:   00 00 00 4c 8b b4 24 90 00 00 00 4c 8b bc 24 98
0x00007ff9208cfceb:   00 00 00 49 83 3c 24 00 74 13 49 8b d7 49 8b cd
0x00007ff9208cfcfb:   e8 10 12 9c ff 49 8b cc e8 e8 11 9c ff 49 39 6d
0x00007ff9208cfd0b:   18 74 0c 4d 89 65 10 49 89 6d 18 4d 89 75 20 48
0x00007ff9208cfd1b:   8b 9c 24 80 00 00 00 48 83 c4 40 41 5f 41 5e 41
0x00007ff9208cfd2b:   5d 41 5c 5f 5e 5d c3 cc cc cc cc cc cc cc cc cc
0x00007ff9208cfd3b:   cc cc cc cc cc 40 53 41 55 41 57 48 83 ec 40 48
0x00007ff9208cfd4b:   8b 51 28 45 33 ed 41 8b dd 4c 8b f9 39 5a 08 0f
0x00007ff9208cfd5b:   86 24 01 00 00 48 89 6c 24 60 48 89 74 24 68 48
0x00007ff9208cfd6b:   89 7c 24 70 4c 89 64 24 38 4c 89 74 24 30 0f 1f
0x00007ff9208cfd7b:   80 00 00 00 00 8b c3 4c 8d 34 c5 00 00 00 00 48
0x00007ff9208cfd8b:   8b 42 10 49 8b 0c 06 48 85 c9 0f 84 c1 00 00 00
0x00007ff9208cfd9b:   48 8b 01 ff 90 80 00 00 00 49 8b 77 28 4c 8b e0
0x00007ff9208cfdab:   8b 6e 08 3b dd 0f 82 9e 00 00 00 85 ed 75 41 4c
0x00007ff9208cfdbb:   8b 0e c7 46 08 01 00 00 00 49 8b 49 18 49 8b 41
0x00007ff9208cfdcb:   20 48 2b c1 48 83 f8 08 72 0a 48 8d 41 08 49 89
0x00007ff9208cfddb:   41 18 eb 12 45 33 c0 49 8b c9 41 8d 50 08 e8 12
0x00007ff9208cfdeb:   0e 9c ff 48 8b c8 48 89 4e 10 4c 89 29 8b 6e 08
0x00007ff9208cfdfb:   8d 53 01 85 d2 74 04 85 d3 74 0c 0f bd ca ba 01
0x00007ff9208cfe0b:   00 00 00 ff c1 d3 e2 48 8b 0e 44 8b ca 8b c5 89
0x00007ff9208cfe1b:   56 08 48 8b 56 10 49 c1 e1 03 48 8d 3c c5 00 00
0x00007ff9208cfe2b:   00 00 44 89 6c 24 20 4c 8b c7 e8 e6 09 9c ff 44
0x00007ff9208cfe3b:   8b 46 08 33 d2 44 2b c5 48 89 46 10 49 c1 e0 03
0x00007ff9208cfe4b:   48 8d 0c 07 e8 be 7b 19 00 48 8b 46 10 4d 89 24
0x00007ff9208cfe5b:   06 49 8b 57 28 ff c3 3b 5a 08 0f 82 15 ff ff ff
0x00007ff9208cfe6b:   4c 8b 74 24 30 4c 8b 64 24 38 48 8b 7c 24 70 48
0x00007ff9208cfe7b:   8b 74 24 68 48 8b 6c 24 60 48 83 c4 40 41 5f 41
0x00007ff9208cfe8b:   5d 5b c3 cc cc 48 89 5c 24 08 48 89 74 24 10 57 


Stack slot to memory mapping:

stack at sp + 0 slots: 0x00000000000002cc is an unknown value
stack at sp + 1 slots: 0x0000000000001000 is an unknown value
stack at sp + 2 slots: 0x00000255dd94f870 points into unknown readable memory: 0x000000de67efe6d0 | d0 e6 ef 67 de 00 00 00
stack at sp + 3 slots: 0x000000000000001d is an unknown value
stack at sp + 4 slots: 0x00000255de37b6f8 points into unknown readable memory: 0x00007ff920b1bc10 | 10 bc b1 20 f9 7f 00 00
stack at sp + 5 slots: 0x00007ff9208cee6e jvm.dll
stack at sp + 6 slots: 0x0000000000000002 is an unknown value
stack at sp + 7 slots: 0x000000000000057a is an unknown value


---------------  P R O C E S S  ---------------

Threads class SMR info:
_java_thread_list=0x00000255de9d5620, length=54, elements={
0x00000255ba088f20, 0x00000255d43af4b0, 0x00000255d43bb430, 0x00000255d43bbe90,
0x00000255d43f0450, 0x00000255d43f0eb0, 0x00000255d43f2480, 0x00000255d43e24d0,
0x00000255d43e5a80, 0x00000255d43f73f0, 0x00000255d4810940, 0x00000255d4994d40,
0x00000255d4d16550, 0x00000255dbb53550, 0x00000255db38d760, 0x00000255daa57dc0,
0x00000255dbbb1e50, 0x00000255d99ffc10, 0x00000255da01fd40, 0x00000255dae8d5b0,
0x00000255dae8b4e0, 0x00000255dae8bb70, 0x00000255dae8a7c0, 0x00000255dae8a130,
0x00000255dae8ae50, 0x00000255dae8c200, 0x00000255df4c8740, 0x00000255df4c7a20,
0x00000255df4c9460, 0x00000255df4c7390, 0x00000255df4c8dd0, 0x00000255df4cc8e0,
0x00000255df4caea0, 0x00000255df4cc250, 0x00000255e04dcea0, 0x00000255e04e0320,
0x00000255e04dfc90, 0x00000255e04def70, 0x00000255e04dd530, 0x00000255e04e1040,
0x00000255e04ddbc0, 0x00000255e04e16d0, 0x00000255e04e1d60, 0x00000255e04de8e0,
0x00000255e04e2a80, 0x00000255e04e23f0, 0x00000255e04e3110, 0x00000255e04e37a0,
0x00000255e04e44c0, 0x00000255e04e3e30, 0x00000255e03bc130, 0x00000255e03bc7c0,
0x00000255e03bbaa0, 0x00000255e03bce50
}

Java Threads: ( => current thread )
  0x00000255ba088f20 JavaThread "main"                              [_thread_blocked, id=12348, stack(0x000000de66c00000,0x000000de66d00000) (1024K)]
  0x00000255d43af4b0 JavaThread "Common-Cleaner"             daemon [_thread_blocked, id=13196, stack(0x000000de67400000,0x000000de67500000) (1024K)]
  0x00000255d43bb430 JavaThread "Reference Handler"          daemon [_thread_blocked, id=27224, stack(0x000000de67500000,0x000000de67600000) (1024K)]
  0x00000255d43bbe90 JavaThread "Finalizer"                  daemon [_thread_blocked, id=35296, stack(0x000000de67600000,0x000000de67700000) (1024K)]
  0x00000255d43f0450 JavaThread "Signal Dispatcher"          daemon [_thread_blocked, id=12100, stack(0x000000de67700000,0x000000de67800000) (1024K)]
  0x00000255d43f0eb0 JavaThread "Attach Listener"            daemon [_thread_blocked, id=21624, stack(0x000000de67800000,0x000000de67900000) (1024K)]
  0x00000255d43f2480 JavaThread "Service Thread"             daemon [_thread_blocked, id=38700, stack(0x000000de67900000,0x000000de67a00000) (1024K)]
  0x00000255d43e24d0 JavaThread "Monitor Deflation Thread"   daemon [_thread_blocked, id=27268, stack(0x000000de67a00000,0x000000de67b00000) (1024K)]
  0x00000255d43e5a80 JavaThread "C2 CompilerThread0"         daemon [_thread_blocked, id=37636, stack(0x000000de67b00000,0x000000de67c00000) (1024K)]
  0x00000255d43f73f0 JavaThread "C1 CompilerThread0"         daemon [_thread_blocked, id=5596, stack(0x000000de67c00000,0x000000de67d00000) (1024K)]
  0x00000255d4810940 JavaThread "Notification Thread"        daemon [_thread_blocked, id=38820, stack(0x000000de67d00000,0x000000de67e00000) (1024K)]
=>0x00000255d4994d40 JavaThread "C2 CompilerThread1"         daemon [_thread_in_native, id=39840, stack(0x000000de67e00000,0x000000de67f00000) (1024K)]
  0x00000255d4d16550 JavaThread "C2 CompilerThread2"         daemon [_thread_in_native, id=13808, stack(0x000000de67f00000,0x000000de68000000) (1024K)]
  0x00000255dbb53550 JavaThread "Daemon health stats"               [_thread_blocked, id=2444, stack(0x000000de68900000,0x000000de68a00000) (1024K)]
  0x00000255db38d760 JavaThread "Incoming local TCP Connector on port 36576"        [_thread_in_native, id=22432, stack(0x000000de68a00000,0x000000de68b00000) (1024K)]
  0x00000255daa57dc0 JavaThread "Daemon periodic checks"            [_thread_blocked, id=13176, stack(0x000000de68b00000,0x000000de68c00000) (1024K)]
  0x00000255dbbb1e50 JavaThread "Daemon"                            [_thread_blocked, id=2648, stack(0x000000de68c00000,0x000000de68d00000) (1024K)]
  0x00000255d99ffc10 JavaThread "Handler for socket connection from /127.0.0.1:36576 to /127.0.0.1:36577"        [_thread_in_native, id=32580, stack(0x000000de68d00000,0x000000de68e00000) (1024K)]
  0x00000255da01fd40 JavaThread "Cancel handler"                    [_thread_blocked, id=31828, stack(0x000000de68e00000,0x000000de68f00000) (1024K)]
  0x00000255dae8d5b0 JavaThread "Daemon worker"                     [_thread_in_vm, id=12316, stack(0x000000de68f00000,0x000000de69000000) (1024K)]
  0x00000255dae8b4e0 JavaThread "Asynchronous log dispatcher for DefaultDaemonConnection: socket connection from /127.0.0.1:36576 to /127.0.0.1:36577"        [_thread_blocked, id=32224, stack(0x000000de69000000,0x000000de69100000) (1024K)]
  0x00000255dae8bb70 JavaThread "Stdin handler"                     [_thread_blocked, id=15392, stack(0x000000de69100000,0x000000de69200000) (1024K)]
  0x00000255dae8a7c0 JavaThread "Daemon client event forwarder"        [_thread_blocked, id=9720, stack(0x000000de69200000,0x000000de69300000) (1024K)]
  0x00000255dae8a130 JavaThread "Cache worker for journal cache (C:\Users\azamb\.gradle\caches\journal-1)"        [_thread_blocked, id=1324, stack(0x000000de69500000,0x000000de69600000) (1024K)]
  0x00000255dae8ae50 JavaThread "File lock request listener"        [_thread_in_native, id=28004, stack(0x000000de69600000,0x000000de69700000) (1024K)]
  0x00000255dae8c200 JavaThread "Cache worker for file hash cache (C:\Users\azamb\.gradle\caches\9.5.0\fileHashes)"        [_thread_blocked, id=18516, stack(0x000000de69700000,0x000000de69800000) (1024K)]
  0x00000255df4c8740 JavaThread "Cache worker for file hash cache (C:\Users\azamb\OneDrive\Desktop\School\TRIOS COLLEGE\Kotlin\KotlinAssignment5\AndroidApp3\.gradle\9.5.0\fileHashes)"        [_thread_blocked, id=30488, stack(0x000000de69800000,0x000000de69900000) (1024K)]
  0x00000255df4c7a20 JavaThread "Cache worker for checksums cache (C:\Users\azamb\OneDrive\Desktop\School\TRIOS COLLEGE\Kotlin\KotlinAssignment5\AndroidApp3\.gradle\9.5.0\checksums)"        [_thread_blocked, id=30944, stack(0x000000de69900000,0x000000de69a00000) (1024K)]
  0x00000255df4c9460 JavaThread "Cache worker for Build Output Cleanup Cache (C:\Users\azamb\OneDrive\Desktop\School\TRIOS COLLEGE\Kotlin\KotlinAssignment5\AndroidApp3\.gradle\buildOutputCleanup)"        [_thread_blocked, id=11840, stack(0x000000de69a00000,0x000000de69b00000) (1024K)]
  0x00000255df4c7390 JavaThread "Cache worker for file content cache (C:\Users\azamb\.gradle\caches\9.5.0\fileContent)"        [_thread_blocked, id=31344, stack(0x000000de69b00000,0x000000de69c00000) (1024K)]
  0x00000255df4c8dd0 JavaThread "File watcher server"        daemon [_thread_in_native, id=27184, stack(0x000000de69c00000,0x000000de69d00000) (1024K)]
  0x00000255df4cc8e0 JavaThread "File watcher consumer"      daemon [_thread_blocked, id=9400, stack(0x000000de69d00000,0x000000de69e00000) (1024K)]
  0x00000255df4caea0 JavaThread "Cache worker for cache directory md-supplier (C:\Users\azamb\.gradle\caches\9.5.0\md-supplier)"        [_thread_blocked, id=31892, stack(0x000000de69e00000,0x000000de69f00000) (1024K)]
  0x00000255df4cc250 JavaThread "Cache worker for cache directory md-rule (C:\Users\azamb\.gradle\caches\9.5.0\md-rule)"        [_thread_blocked, id=30796, stack(0x000000de69f00000,0x000000de6a000000) (1024K)]
  0x00000255e04dcea0 JavaThread "jar transforms"                    [_thread_blocked, id=6420, stack(0x000000de6a000000,0x000000de6a100000) (1024K)]
  0x00000255e04e0320 JavaThread "jar transforms Thread 2"           [_thread_blocked, id=32576, stack(0x000000de6a100000,0x000000de6a200000) (1024K)]
  0x00000255e04dfc90 JavaThread "jar transforms Thread 3"           [_thread_blocked, id=34340, stack(0x000000de6a200000,0x000000de6a300000) (1024K)]
  0x00000255e04def70 JavaThread "Build operations"                  [_thread_blocked, id=32648, stack(0x000000de6a300000,0x000000de6a400000) (1024K)]
  0x00000255e04dd530 JavaThread "Build operations Thread 2"         [_thread_blocked, id=26096, stack(0x000000de6a400000,0x000000de6a500000) (1024K)]
  0x00000255e04e1040 JavaThread "Build operations Thread 3"         [_thread_blocked, id=35124, stack(0x000000de6a500000,0x000000de6a600000) (1024K)]
  0x00000255e04ddbc0 JavaThread "Build operations Thread 4"         [_thread_blocked, id=38112, stack(0x000000de6a600000,0x000000de6a700000) (1024K)]
  0x00000255e04e16d0 JavaThread "Build operations Thread 5"         [_thread_blocked, id=39872, stack(0x000000de6a700000,0x000000de6a800000) (1024K)]
  0x00000255e04e1d60 JavaThread "Build operations Thread 6"         [_thread_blocked, id=39332, stack(0x000000de6a800000,0x000000de6a900000) (1024K)]
  0x00000255e04de8e0 JavaThread "Build operations Thread 7"         [_thread_blocked, id=1552, stack(0x000000de6a900000,0x000000de6aa00000) (1024K)]
  0x00000255e04e2a80 JavaThread "Build operations Thread 8"         [_thread_blocked, id=39196, stack(0x000000de6aa00000,0x000000de6ab00000) (1024K)]
  0x00000255e04e23f0 JavaThread "Build operations Thread 9"         [_thread_blocked, id=7988, stack(0x000000de6ab00000,0x000000de6ac00000) (1024K)]
  0x00000255e04e3110 JavaThread "Build operations Thread 10"        [_thread_blocked, id=38196, stack(0x000000de6ac00000,0x000000de6ad00000) (1024K)]
  0x00000255e04e37a0 JavaThread "Build operations Thread 11"        [_thread_blocked, id=27064, stack(0x000000de6ad00000,0x000000de6ae00000) (1024K)]
  0x00000255e04e44c0 JavaThread "Build operations Thread 12"        [_thread_blocked, id=32680, stack(0x000000de6ae00000,0x000000de6af00000) (1024K)]
  0x00000255e04e3e30 JavaThread "jar transforms Thread 4"           [_thread_blocked, id=37408, stack(0x000000de6af00000,0x000000de6b000000) (1024K)]
  0x00000255e03bc130 JavaThread "jar transforms Thread 5"           [_thread_blocked, id=21600, stack(0x000000de6b000000,0x000000de6b100000) (1024K)]
  0x00000255e03bc7c0 JavaThread "jar transforms Thread 6"           [_thread_blocked, id=38352, stack(0x000000de6b100000,0x000000de6b200000) (1024K)]
  0x00000255e03bbaa0 JavaThread "jar transforms Thread 7"           [_thread_blocked, id=37580, stack(0x000000de6b200000,0x000000de6b300000) (1024K)]
  0x00000255e03bce50 JavaThread "jar transforms Thread 8"           [_thread_blocked, id=2944, stack(0x000000de6b300000,0x000000de6b400000) (1024K)]
Total: 54

Other Threads:
  0x00000255d4358be0 VMThread "VM Thread"                           [id=13200, stack(0x000000de67300000,0x000000de67400000) (1024K)]
  0x00000255d42c5210 WatcherThread "VM Periodic Task Thread"        [id=24124, stack(0x000000de67200000,0x000000de67300000) (1024K)]
  0x00000255bc4f5e20 WorkerThread "GC Thread#0"                     [id=38000, stack(0x000000de66d00000,0x000000de66e00000) (1024K)]
  0x00000255d998b530 WorkerThread "GC Thread#1"                     [id=35828, stack(0x000000de68000000,0x000000de68100000) (1024K)]
  0x00000255d998a670 WorkerThread "GC Thread#2"                     [id=28416, stack(0x000000de68100000,0x000000de68200000) (1024K)]
  0x00000255d998a2c0 WorkerThread "GC Thread#3"                     [id=32392, stack(0x000000de68200000,0x000000de68300000) (1024K)]
  0x00000255d998aa20 WorkerThread "GC Thread#4"                     [id=9860, stack(0x000000de68300000,0x000000de68400000) (1024K)]
  0x00000255d998add0 WorkerThread "GC Thread#5"                     [id=27968, stack(0x000000de68400000,0x000000de68500000) (1024K)]
  0x00000255d998b180 WorkerThread "GC Thread#6"                     [id=27424, stack(0x000000de68500000,0x000000de68600000) (1024K)]
  0x00000255d998b8e0 WorkerThread "GC Thread#7"                     [id=39596, stack(0x000000de68600000,0x000000de68700000) (1024K)]
  0x00000255d9989f10 WorkerThread "GC Thread#8"                     [id=37368, stack(0x000000de68700000,0x000000de68800000) (1024K)]
  0x00000255d9a01880 WorkerThread "GC Thread#9"                     [id=12072, stack(0x000000de68800000,0x000000de68900000) (1024K)]
  0x00000255bc507b60 ConcurrentGCThread "G1 Main Marker"            [id=28648, stack(0x000000de66e00000,0x000000de66f00000) (1024K)]
  0x00000255bc508d20 WorkerThread "G1 Conc#0"                       [id=38192, stack(0x000000de66f00000,0x000000de67000000) (1024K)]
  0x00000255d9a044c0 WorkerThread "G1 Conc#1"                       [id=32540, stack(0x000000de69300000,0x000000de69400000) (1024K)]
  0x00000255d9a03250 WorkerThread "G1 Conc#2"                       [id=36140, stack(0x000000de69400000,0x000000de69500000) (1024K)]
  0x00000255d3ffe510 ConcurrentGCThread "G1 Refine#0"               [id=32948, stack(0x000000de67000000,0x000000de67100000) (1024K)]
  0x00000255d419b040 ConcurrentGCThread "G1 Service"                [id=16792, stack(0x000000de67100000,0x000000de67200000) (1024K)]
Total: 18

Threads with active compile tasks:
C2 CompilerThread1  5817 6327   !   4       java.util.concurrent.ConcurrentHashMap::putVal (432 bytes)
C2 CompilerThread2  5817 6071   !   4       sun.reflect.annotation.AnnotationParser::parseAnnotations (37 bytes)
Total: 2

VM state: not at safepoint (normal execution)

VM Mutex/Monitor currently owned by a thread: None

Heap address: 0x0000000080000000, size: 2048 MB, Compressed Oops mode: 32-bit

CDS archive(s) not mapped
Compressed class space mapped at: 0x0000000100000000-0x0000000140000000, reserved size: 1073741824
Narrow klass base: 0x0000000000000000, Narrow klass shift: 3, Narrow klass range: 0x140000000

GC Precious Log:
 CardTable entry size: 512
 Card Set container configuration: InlinePtr #cards 5 size 8 Array Of Cards #cards 12 size 40 Howl #buckets 4 coarsen threshold 1843 Howl Bitmap #cards 512 size 80 coarsen threshold 460 Card regions per heap region 1 cards per card region 2048
 CPUs: 12 total, 12 available
 Memory: 65169M
 Large Page Support: Disabled
 NUMA Support: Disabled
 Compressed Oops: Enabled (32-bit)
 Heap Region Size: 1M
 Heap Min Capacity: 8M
 Heap Initial Capacity: 1020M
 Heap Max Capacity: 2G
 Pre-touch: Disabled
 Parallel Workers: 10
 Concurrent Workers: 3
 Concurrent Refinement Workers: 10
 Periodic GC: Disabled

Heap:
 garbage-first heap   total 80896K, used 66168K [0x0000000080000000, 0x0000000100000000)
  region size 1024K, 26 young (26624K), 2 survivors (2048K)
 Metaspace       used 65779K, committed 67712K, reserved 1114112K
  class space    used 9338K, committed 10240K, reserved 1048576K

Heap Regions: E=young(eden), S=young(survivor), O=old, HS=humongous(starts), HC=humongous(continues), CS=collection set, F=free, TAMS=top-at-mark-start, PB=parsable bottom
|   0|0x0000000080000000, 0x0000000080100000, 0x0000000080100000|100%|HS|  |TAMS 0x0000000080000000| PB 0x0000000080000000| Complete 
|   1|0x0000000080100000, 0x0000000080200000, 0x0000000080200000|100%|HC|  |TAMS 0x0000000080100000| PB 0x0000000080100000| Complete 
|   2|0x0000000080200000, 0x0000000080300000, 0x0000000080300000|100%|HC|  |TAMS 0x0000000080200000| PB 0x0000000080200000| Complete 
|   3|0x0000000080300000, 0x0000000080400000, 0x0000000080400000|100%|HC|  |TAMS 0x0000000080300000| PB 0x0000000080300000| Complete 
|   4|0x0000000080400000, 0x0000000080500000, 0x0000000080500000|100%| O|  |TAMS 0x0000000080400000| PB 0x0000000080400000| Untracked 
|   5|0x0000000080500000, 0x0000000080600000, 0x0000000080600000|100%| O|  |TAMS 0x0000000080500000| PB 0x0000000080500000| Untracked 
|   6|0x0000000080600000, 0x0000000080700000, 0x0000000080700000|100%|HS|  |TAMS 0x0000000080600000| PB 0x0000000080600000| Complete 
|   7|0x0000000080700000, 0x0000000080800000, 0x0000000080800000|100%| O|  |TAMS 0x0000000080700000| PB 0x0000000080700000| Untracked 
|   8|0x0000000080800000, 0x0000000080900000, 0x0000000080900000|100%| O|  |TAMS 0x0000000080800000| PB 0x0000000080800000| Untracked 
|   9|0x0000000080900000, 0x0000000080900000, 0x0000000080a00000|  0%| F|  |TAMS 0x0000000080900000| PB 0x0000000080900000| Untracked 
|  10|0x0000000080a00000, 0x0000000080b00000, 0x0000000080b00000|100%| O|  |TAMS 0x0000000080a00000| PB 0x0000000080a00000| Untracked 
|  11|0x0000000080b00000, 0x0000000080c00000, 0x0000000080c00000|100%| O|  |TAMS 0x0000000080b00000| PB 0x0000000080b00000| Untracked 
|  12|0x0000000080c00000, 0x0000000080d00000, 0x0000000080d00000|100%| O|  |TAMS 0x0000000080c00000| PB 0x0000000080c00000| Untracked 
|  13|0x0000000080d00000, 0x0000000080e00000, 0x0000000080e00000|100%| O|  |TAMS 0x0000000080d00000| PB 0x0000000080d00000| Untracked 
|  14|0x0000000080e00000, 0x0000000080f00000, 0x0000000080f00000|100%| O|  |TAMS 0x0000000080e00000| PB 0x0000000080e00000| Untracked 
|  15|0x0000000080f00000, 0x0000000081000000, 0x0000000081000000|100%| O|  |TAMS 0x0000000080f00000| PB 0x0000000080f00000| Untracked 
|  16|0x0000000081000000, 0x0000000081100000, 0x0000000081100000|100%| O|  |TAMS 0x0000000081000000| PB 0x0000000081000000| Untracked 
|  17|0x0000000081100000, 0x0000000081200000, 0x0000000081200000|100%| O|  |TAMS 0x0000000081100000| PB 0x0000000081100000| Untracked 
|  18|0x0000000081200000, 0x0000000081300000, 0x0000000081300000|100%| O|  |TAMS 0x0000000081200000| PB 0x0000000081200000| Untracked 
|  19|0x0000000081300000, 0x0000000081400000, 0x0000000081400000|100%| O|  |TAMS 0x0000000081300000| PB 0x0000000081300000| Untracked 
|  20|0x0000000081400000, 0x0000000081500000, 0x0000000081500000|100%| O|  |TAMS 0x0000000081400000| PB 0x0000000081400000| Untracked 
|  21|0x0000000081500000, 0x0000000081600000, 0x0000000081600000|100%| O|  |TAMS 0x0000000081500000| PB 0x0000000081500000| Untracked 
|  22|0x0000000081600000, 0x0000000081700000, 0x0000000081700000|100%| O|  |TAMS 0x0000000081600000| PB 0x0000000081600000| Untracked 
|  23|0x0000000081700000, 0x0000000081800000, 0x0000000081800000|100%| O|  |TAMS 0x0000000081700000| PB 0x0000000081700000| Untracked 
|  24|0x0000000081800000, 0x0000000081900000, 0x0000000081900000|100%| O|  |TAMS 0x0000000081800000| PB 0x0000000081800000| Untracked 
|  25|0x0000000081900000, 0x0000000081a00000, 0x0000000081a00000|100%| O|  |TAMS 0x0000000081900000| PB 0x0000000081900000| Untracked 
|  26|0x0000000081a00000, 0x0000000081b00000, 0x0000000081b00000|100%| O|  |TAMS 0x0000000081a00000| PB 0x0000000081a00000| Untracked 
|  27|0x0000000081b00000, 0x0000000081c00000, 0x0000000081c00000|100%| O|  |TAMS 0x0000000081b00000| PB 0x0000000081b00000| Untracked 
|  28|0x0000000081c00000, 0x0000000081d00000, 0x0000000081d00000|100%| O|  |TAMS 0x0000000081c00000| PB 0x0000000081c00000| Untracked 
|  29|0x0000000081d00000, 0x0000000081e00000, 0x0000000081e00000|100%| O|  |TAMS 0x0000000081d00000| PB 0x0000000081d00000| Untracked 
|  30|0x0000000081e00000, 0x0000000081f00000, 0x0000000081f00000|100%| O|  |TAMS 0x0000000081e00000| PB 0x0000000081e00000| Untracked 
|  31|0x0000000081f00000, 0x0000000082000000, 0x0000000082000000|100%| O|  |TAMS 0x0000000081f00000| PB 0x0000000081f00000| Untracked 
|  32|0x0000000082000000, 0x0000000082100000, 0x0000000082100000|100%| O|  |TAMS 0x0000000082000000| PB 0x0000000082000000| Untracked 
|  33|0x0000000082100000, 0x0000000082200000, 0x0000000082200000|100%| O|  |TAMS 0x0000000082100000| PB 0x0000000082100000| Untracked 
|  34|0x0000000082200000, 0x0000000082300000, 0x0000000082300000|100%| O|  |TAMS 0x0000000082200000| PB 0x0000000082200000| Untracked 
|  35|0x0000000082300000, 0x0000000082400000, 0x0000000082400000|100%| O|  |TAMS 0x0000000082300000| PB 0x0000000082300000| Untracked 
|  36|0x0000000082400000, 0x0000000082400000, 0x0000000082500000|  0%| F|  |TAMS 0x0000000082400000| PB 0x0000000082400000| Untracked 
|  37|0x0000000082500000, 0x0000000082600000, 0x0000000082600000|100%| O|  |TAMS 0x0000000082500000| PB 0x0000000082500000| Untracked 
|  38|0x0000000082600000, 0x0000000082700000, 0x0000000082700000|100%| O|  |TAMS 0x0000000082600000| PB 0x0000000082600000| Untracked 
|  39|0x0000000082700000, 0x0000000082800000, 0x0000000082800000|100%| O|  |TAMS 0x0000000082700000| PB 0x0000000082700000| Untracked 
|  40|0x0000000082800000, 0x0000000082800000, 0x0000000082900000|  0%| F|  |TAMS 0x0000000082800000| PB 0x0000000082800000| Untracked 
|  41|0x0000000082900000, 0x0000000082900000, 0x0000000082a00000|  0%| F|  |TAMS 0x0000000082900000| PB 0x0000000082900000| Untracked 
|  42|0x0000000082a00000, 0x0000000082a00000, 0x0000000082b00000|  0%| F|  |TAMS 0x0000000082a00000| PB 0x0000000082a00000| Untracked 
|  43|0x0000000082b00000, 0x0000000082b00000, 0x0000000082c00000|  0%| F|  |TAMS 0x0000000082b00000| PB 0x0000000082b00000| Untracked 
|  44|0x0000000082c00000, 0x0000000082d00000, 0x0000000082d00000|100%| O|  |TAMS 0x0000000082c00000| PB 0x0000000082c00000| Untracked 
|  45|0x0000000082d00000, 0x0000000082e00000, 0x0000000082e00000|100%| O|  |TAMS 0x0000000082d00000| PB 0x0000000082d00000| Untracked 
|  46|0x0000000082e00000, 0x0000000082f00000, 0x0000000082f00000|100%| O|  |TAMS 0x0000000082e00000| PB 0x0000000082e00000| Untracked 
|  47|0x0000000082f00000, 0x0000000082f6f9d8, 0x0000000083000000| 43%| O|  |TAMS 0x0000000082f00000| PB 0x0000000082f00000| Untracked 
|  48|0x0000000083000000, 0x0000000083000000, 0x0000000083100000|  0%| F|  |TAMS 0x0000000083000000| PB 0x0000000083000000| Untracked 
|  49|0x0000000083100000, 0x000000008312e908, 0x0000000083200000| 18%| S|CS|TAMS 0x0000000083100000| PB 0x0000000083100000| Complete 
|  50|0x0000000083200000, 0x0000000083300000, 0x0000000083300000|100%| S|CS|TAMS 0x0000000083200000| PB 0x0000000083200000| Complete 
|  51|0x0000000083300000, 0x0000000083300000, 0x0000000083400000|  0%| F|  |TAMS 0x0000000083300000| PB 0x0000000083300000| Untracked 
|  52|0x0000000083400000, 0x0000000083400000, 0x0000000083500000|  0%| F|  |TAMS 0x0000000083400000| PB 0x0000000083400000| Untracked 
|  53|0x0000000083500000, 0x0000000083500000, 0x0000000083600000|  0%| F|  |TAMS 0x0000000083500000| PB 0x0000000083500000| Untracked 
|  54|0x0000000083600000, 0x0000000083600000, 0x0000000083700000|  0%| F|  |TAMS 0x0000000083600000| PB 0x0000000083600000| Untracked 
|  55|0x0000000083700000, 0x0000000083780000, 0x0000000083800000| 50%| E|  |TAMS 0x0000000083700000| PB 0x0000000083700000| Complete 
|  56|0x0000000083800000, 0x0000000083900000, 0x0000000083900000|100%| E|CS|TAMS 0x0000000083800000| PB 0x0000000083800000| Complete 
|  57|0x0000000083900000, 0x0000000083a00000, 0x0000000083a00000|100%| E|CS|TAMS 0x0000000083900000| PB 0x0000000083900000| Complete 
|  58|0x0000000083a00000, 0x0000000083b00000, 0x0000000083b00000|100%| E|CS|TAMS 0x0000000083a00000| PB 0x0000000083a00000| Complete 
|  59|0x0000000083b00000, 0x0000000083c00000, 0x0000000083c00000|100%| E|CS|TAMS 0x0000000083b00000| PB 0x0000000083b00000| Complete 
|  60|0x0000000083c00000, 0x0000000083d00000, 0x0000000083d00000|100%| E|CS|TAMS 0x0000000083c00000| PB 0x0000000083c00000| Complete 
|  61|0x0000000083d00000, 0x0000000083e00000, 0x0000000083e00000|100%| E|CS|TAMS 0x0000000083d00000| PB 0x0000000083d00000| Complete 
|  62|0x0000000083e00000, 0x0000000083f00000, 0x0000000083f00000|100%| E|CS|TAMS 0x0000000083e00000| PB 0x0000000083e00000| Complete 
|  63|0x0000000083f00000, 0x0000000084000000, 0x0000000084000000|100%| E|CS|TAMS 0x0000000083f00000| PB 0x0000000083f00000| Complete 
|  64|0x0000000084000000, 0x0000000084100000, 0x0000000084100000|100%| E|CS|TAMS 0x0000000084000000| PB 0x0000000084000000| Complete 
|  65|0x0000000084100000, 0x0000000084200000, 0x0000000084200000|100%| E|CS|TAMS 0x0000000084100000| PB 0x0000000084100000| Complete 
|  66|0x0000000084200000, 0x0000000084300000, 0x0000000084300000|100%| E|CS|TAMS 0x0000000084200000| PB 0x0000000084200000| Complete 
|  67|0x0000000084300000, 0x0000000084400000, 0x0000000084400000|100%| E|CS|TAMS 0x0000000084300000| PB 0x0000000084300000| Complete 
|  68|0x0000000084400000, 0x0000000084500000, 0x0000000084500000|100%| E|CS|TAMS 0x0000000084400000| PB 0x0000000084400000| Complete 
|  69|0x0000000084500000, 0x0000000084600000, 0x0000000084600000|100%| E|CS|TAMS 0x0000000084500000| PB 0x0000000084500000| Complete 
|  70|0x0000000084600000, 0x0000000084700000, 0x0000000084700000|100%| E|CS|TAMS 0x0000000084600000| PB 0x0000000084600000| Complete 
|  71|0x0000000084700000, 0x0000000084800000, 0x0000000084800000|100%| E|CS|TAMS 0x0000000084700000| PB 0x0000000084700000| Complete 
|  72|0x0000000084800000, 0x0000000084900000, 0x0000000084900000|100%| E|CS|TAMS 0x0000000084800000| PB 0x0000000084800000| Complete 
|  73|0x0000000084900000, 0x0000000084a00000, 0x0000000084a00000|100%| E|CS|TAMS 0x0000000084900000| PB 0x0000000084900000| Complete 
|  74|0x0000000084a00000, 0x0000000084b00000, 0x0000000084b00000|100%| E|CS|TAMS 0x0000000084a00000| PB 0x0000000084a00000| Complete 
|  75|0x0000000084b00000, 0x0000000084c00000, 0x0000000084c00000|100%| E|CS|TAMS 0x0000000084b00000| PB 0x0000000084b00000| Complete 
|  76|0x0000000084c00000, 0x0000000084d00000, 0x0000000084d00000|100%| E|CS|TAMS 0x0000000084c00000| PB 0x0000000084c00000| Complete 
|1012|0x00000000bf400000, 0x00000000bf500000, 0x00000000bf500000|100%| E|CS|TAMS 0x00000000bf400000| PB 0x00000000bf400000| Complete 
|1019|0x00000000bfb00000, 0x00000000bfc00000, 0x00000000bfc00000|100%| E|CS|TAMS 0x00000000bfb00000| PB 0x00000000bfb00000| Complete 

Card table byte_map: [0x00000255cef60000,0x00000255cf360000] _byte_map_base: 0x00000255ceb60000

Marking Bits: (CMBitMap*) 0x00000255bc4f6440
 Bits: [0x00000255cf360000, 0x00000255d1360000)

Polling page: 0x00000255ba040000

Metaspace:

Usage:
  Non-class:     55.13 MB used.
      Class:      9.12 MB used.
       Both:     64.26 MB used.

Virtual space:
  Non-class space:       64.00 MB reserved,      56.12 MB ( 88%) committed,  1 nodes.
      Class space:        1.00 GB reserved,      10.00 MB ( <1%) committed,  1 nodes.
             Both:        1.06 GB reserved,      66.12 MB (  6%) committed. 

Chunk freelists:
   Non-Class:  7.25 MB
       Class:  5.97 MB
        Both:  13.22 MB

MaxMetaspaceSize: unlimited
CompressedClassSpaceSize: 1.00 GB
Initial GC threshold: 21.00 MB
Current GC threshold: 98.75 MB
CDS: off
 - commit_granule_bytes: 65536.
 - commit_granule_words: 8192.
 - virtual_space_node_default_size: 8388608.
 - enlarge_chunks_in_place: 1.
 - use_allocation_guard: 0.


Internal statistics:

num_allocs_failed_limit: 9.
num_arena_births: 3636.
num_arena_deaths: 0.
num_vsnodes_births: 2.
num_vsnodes_deaths: 0.
num_space_committed: 1058.
num_space_uncommitted: 0.
num_chunks_returned_to_freelist: 9.
num_chunks_taken_from_freelist: 6531.
num_chunk_merges: 9.
num_chunk_splits: 4184.
num_chunks_enlarged: 2465.
num_inconsistent_stats: 0.

CodeHeap 'non-profiled nmethods': size=120000Kb used=3883Kb max_used=3883Kb free=116117Kb
 bounds [0x00000255c70d0000, 0x00000255c74a0000, 0x00000255ce600000]
CodeHeap 'profiled nmethods': size=120000Kb used=10695Kb max_used=10695Kb free=109304Kb
 bounds [0x00000255bf600000, 0x00000255c0080000, 0x00000255c6b30000]
CodeHeap 'non-nmethods': size=5760Kb used=1884Kb max_used=1967Kb free=3875Kb
 bounds [0x00000255c6b30000, 0x00000255c6da0000, 0x00000255c70d0000]
CodeCache: size=245760Kb, used=16462Kb, max_used=16545Kb, free=229296Kb
 total_blobs=6532, nmethods=5758, adapters=678, full_count=0
Compilation: enabled, stopped_count=0, restarted_count=0

Compilation events (20 events):
Event: 5.698 Thread 0x00000255d43f73f0 6317       1       kotlin.reflect.jvm.internal.impl.name.FqNameUnsafe::asString (5 bytes)
Event: 5.698 Thread 0x00000255d43f73f0 nmethod 6317 0x00000255c7495890 code [0x00000255c7495a20, 0x00000255c7495ae8]
Event: 5.698 Thread 0x00000255d43f73f0 6318       3       kotlin.reflect.jvm.internal.impl.name.FqName::isRoot (8 bytes)
Event: 5.699 Thread 0x00000255d43f73f0 nmethod 6318 0x00000255c006cf90 code [0x00000255c006d160, 0x00000255c006d428]
Event: 5.701 Thread 0x00000255d43f73f0 6319       3       kotlin.reflect.jvm.internal.impl.name.FqName::asString (8 bytes)
Event: 5.701 Thread 0x00000255d43f73f0 nmethod 6319 0x00000255c006d590 code [0x00000255c006d720, 0x00000255c006d850]
Event: 5.701 Thread 0x00000255d43f73f0 6320       3       kotlin.reflect.jvm.internal.impl.name.FqName::<init> (16 bytes)
Event: 5.701 Thread 0x00000255d43f73f0 nmethod 6320 0x00000255c006d910 code [0x00000255c006db40, 0x00000255c006e188]
Event: 5.701 Thread 0x00000255d43f73f0 6321       3       kotlin.reflect.jvm.internal.impl.name.FqName::<init> (24 bytes)
Event: 5.702 Thread 0x00000255d43f73f0 nmethod 6321 0x00000255c006e410 code [0x00000255c006e6e0, 0x00000255c006f3c8]
Event: 5.702 Thread 0x00000255d43f73f0 6322       3       kotlin.reflect.jvm.internal.impl.name.FqNameUnsafe::<init> (27 bytes)
Event: 5.702 Thread 0x00000255d43f73f0 nmethod 6322 0x00000255c006f890 code [0x00000255c006fb40, 0x00000255c0070630]
Event: 5.708 Thread 0x00000255d43f73f0 6323       3       java.util.jar.JarFile::getEntry (35 bytes)
Event: 5.708 Thread 0x00000255d43f73f0 nmethod 6323 0x00000255c0070a10 code [0x00000255c0070c20, 0x00000255c0071090]
Event: 5.708 Thread 0x00000255d43e5a80 6324       4       java.util.jar.JarFile::getVersionedEntry (133 bytes)
Event: 5.709 Thread 0x00000255d4994d40 6325       4       java.util.zip.ZipFile$1::getMetaInfVersions (5 bytes)
Event: 5.710 Thread 0x00000255d4994d40 nmethod 6325 0x00000255c7495b90 code [0x00000255c7495d20, 0x00000255c7495f70]
Event: 5.710 Thread 0x00000255d4994d40 6326   !   4       java.util.zip.ZipFile::getMetaInfVersions (26 bytes)
Event: 5.711 Thread 0x00000255d4994d40 nmethod 6326 0x00000255c7496090 code [0x00000255c7496220, 0x00000255c7496450]
Event: 5.721 Thread 0x00000255d4994d40 6327   !   4       java.util.concurrent.ConcurrentHashMap::putVal (432 bytes)

GC Heap History (20 events):
Event: 2.311 GC heap before
{Heap before GC invocations=4 (full 0):
 garbage-first heap   total 75776K, used 73856K [0x0000000080000000, 0x0000000100000000)
  region size 1024K, 53 young (54272K), 1 survivors (1024K)
 Metaspace       used 30165K, committed 30656K, reserved 1114112K
  class space    used 3937K, committed 4160K, reserved 1048576K
}
Event: 2.337 GC heap after
{Heap after GC invocations=5 (full 0):
 garbage-first heap   total 79872K, used 24508K [0x0000000080000000, 0x0000000100000000)
  region size 1024K, 4 young (4096K), 4 survivors (4096K)
 Metaspace       used 30165K, committed 30656K, reserved 1114112K
  class space    used 3937K, committed 4160K, reserved 1048576K
}
Event: 2.740 GC heap before
{Heap before GC invocations=5 (full 0):
 garbage-first heap   total 79872K, used 61372K [0x0000000080000000, 0x0000000100000000)
  region size 1024K, 40 young (40960K), 4 survivors (4096K)
 Metaspace       used 35216K, committed 36032K, reserved 1114112K
  class space    used 4829K, committed 5248K, reserved 1048576K
}
Event: 2.743 GC heap after
{Heap after GC invocations=6 (full 0):
 garbage-first heap   total 79872K, used 26884K [0x0000000080000000, 0x0000000100000000)
  region size 1024K, 3 young (3072K), 3 survivors (3072K)
 Metaspace       used 35216K, committed 36032K, reserved 1114112K
  class space    used 4829K, committed 5248K, reserved 1048576K
}
Event: 2.751 GC heap before
{Heap before GC invocations=6 (full 0):
 garbage-first heap   total 79872K, used 26884K [0x0000000080000000, 0x0000000100000000)
  region size 1024K, 4 young (4096K), 3 survivors (3072K)
 Metaspace       used 35337K, committed 36096K, reserved 1114112K
  class space    used 4845K, committed 5248K, reserved 1048576K
}
Event: 2.753 GC heap after
{Heap after GC invocations=7 (full 0):
 garbage-first heap   total 79872K, used 26973K [0x0000000080000000, 0x0000000100000000)
  region size 1024K, 3 young (3072K), 3 survivors (3072K)
 Metaspace       used 35337K, committed 36096K, reserved 1114112K
  class space    used 4845K, committed 5248K, reserved 1048576K
}
Event: 3.131 GC heap before
{Heap before GC invocations=8 (full 0):
 garbage-first heap   total 79872K, used 66909K [0x0000000080000000, 0x0000000100000000)
  region size 1024K, 41 young (41984K), 3 survivors (3072K)
 Metaspace       used 42311K, committed 43328K, reserved 1114112K
  class space    used 5724K, committed 6208K, reserved 1048576K
}
Event: 3.134 GC heap after
{Heap after GC invocations=9 (full 0):
 garbage-first heap   total 79872K, used 28617K [0x0000000080000000, 0x0000000100000000)
  region size 1024K, 5 young (5120K), 5 survivors (5120K)
 Metaspace       used 42311K, committed 43328K, reserved 1114112K
  class space    used 5724K, committed 6208K, reserved 1048576K
}
Event: 3.565 GC heap before
{Heap before GC invocations=9 (full 0):
 garbage-first heap   total 79872K, used 67529K [0x0000000080000000, 0x0000000100000000)
  region size 1024K, 43 young (44032K), 5 survivors (5120K)
 Metaspace       used 47771K, committed 49024K, reserved 1114112K
  class space    used 6617K, committed 7232K, reserved 1048576K
}
Event: 3.568 GC heap after
{Heap after GC invocations=10 (full 0):
 garbage-first heap   total 79872K, used 30425K [0x0000000080000000, 0x0000000100000000)
  region size 1024K, 4 young (4096K), 4 survivors (4096K)
 Metaspace       used 47771K, committed 49024K, reserved 1114112K
  class space    used 6617K, committed 7232K, reserved 1048576K
}
Event: 4.134 GC heap before
{Heap before GC invocations=10 (full 0):
 garbage-first heap   total 79872K, used 68313K [0x0000000080000000, 0x0000000100000000)
  region size 1024K, 42 young (43008K), 4 survivors (4096K)
 Metaspace       used 54298K, committed 55808K, reserved 1114112K
  class space    used 7504K, committed 8256K, reserved 1048576K
}
Event: 4.137 GC heap after
{Heap after GC invocations=11 (full 0):
 garbage-first heap   total 79872K, used 34075K [0x0000000080000000, 0x0000000100000000)
  region size 1024K, 6 young (6144K), 6 survivors (6144K)
 Metaspace       used 54298K, committed 55808K, reserved 1114112K
  class space    used 7504K, committed 8256K, reserved 1048576K
}
Event: 4.735 GC heap before
{Heap before GC invocations=11 (full 0):
 garbage-first heap   total 79872K, used 69915K [0x0000000080000000, 0x0000000100000000)
  region size 1024K, 41 young (41984K), 6 survivors (6144K)
 Metaspace       used 58733K, committed 60416K, reserved 1114112K
  class space    used 8211K, committed 9024K, reserved 1048576K
}
Event: 4.738 GC heap after
{Heap after GC invocations=12 (full 0):
 garbage-first heap   total 80896K, used 37029K [0x0000000080000000, 0x0000000100000000)
  region size 1024K, 4 young (4096K), 4 survivors (4096K)
 Metaspace       used 58733K, committed 60416K, reserved 1114112K
  class space    used 8211K, committed 9024K, reserved 1048576K
}
Event: 4.753 GC heap before
{Heap before GC invocations=12 (full 0):
 garbage-first heap   total 80896K, used 38053K [0x0000000080000000, 0x0000000100000000)
  region size 1024K, 6 young (6144K), 4 survivors (4096K)
 Metaspace       used 58878K, committed 60480K, reserved 1114112K
  class space    used 8237K, committed 9024K, reserved 1048576K
}
Event: 4.755 GC heap after
{Heap after GC invocations=13 (full 0):
 garbage-first heap   total 80896K, used 37351K [0x0000000080000000, 0x0000000100000000)
  region size 1024K, 1 young (1024K), 1 survivors (1024K)
 Metaspace       used 58878K, committed 60480K, reserved 1114112K
  class space    used 8237K, committed 9024K, reserved 1048576K
}
Event: 5.098 GC heap before
{Heap before GC invocations=14 (full 0):
 garbage-first heap   total 80896K, used 72167K [0x0000000080000000, 0x0000000100000000)
  region size 1024K, 35 young (35840K), 1 survivors (1024K)
 Metaspace       used 61094K, committed 62912K, reserved 1114112K
  class space    used 8624K, committed 9472K, reserved 1048576K
}
Event: 5.101 GC heap after
{Heap after GC invocations=15 (full 0):
 garbage-first heap   total 80896K, used 42346K [0x0000000080000000, 0x0000000100000000)
  region size 1024K, 5 young (5120K), 5 survivors (5120K)
 Metaspace       used 61094K, committed 62912K, reserved 1114112K
  class space    used 8624K, committed 9472K, reserved 1048576K
}
Event: 5.419 GC heap before
{Heap before GC invocations=15 (full 0):
 garbage-first heap   total 80896K, used 69994K [0x0000000080000000, 0x0000000100000000)
  region size 1024K, 33 young (33792K), 5 survivors (5120K)
 Metaspace       used 62875K, committed 64768K, reserved 1114112K
  class space    used 8902K, committed 9792K, reserved 1048576K
}
Event: 5.422 GC heap after
{Heap after GC invocations=16 (full 0):
 garbage-first heap   total 80896K, used 43640K [0x0000000080000000, 0x0000000100000000)
  region size 1024K, 2 young (2048K), 2 survivors (2048K)
 Metaspace       used 62875K, committed 64768K, reserved 1114112K
  class space    used 8902K, committed 9792K, reserved 1048576K
}

Dll operation events (3 events):
Event: 0.009 Loaded shared library C:\Program Files\Android\Android Studio\jbr\bin\java.dll
Event: 0.020 Loaded shared library C:\Program Files\Android\Android Studio\jbr\bin\zip.dll
Event: 0.465 Loaded shared library C:\Program Files\Android\Android Studio\jbr\bin\verify.dll

Deoptimization events (20 events):
Event: 5.393 Thread 0x00000255dae8d5b0 Uncommon trap: trap_request=0xffffff45 fr.pc=0x00000255c716dc8c relative=0x000000000000022c
Event: 5.393 Thread 0x00000255dae8d5b0 Uncommon trap: reason=unstable_if action=reinterpret pc=0x00000255c716dc8c method=java.net.URI$Parser.scan(IILjava/lang/String;)I @ 26 c2
Event: 5.393 Thread 0x00000255dae8d5b0 DEOPT PACKING pc=0x00000255c716dc8c sp=0x000000de68ff8300
Event: 5.393 Thread 0x00000255dae8d5b0 DEOPT UNPACKING pc=0x00000255c6b843a2 sp=0x000000de68ff82b0 mode 2
Event: 5.464 Thread 0x00000255dae8d5b0 Uncommon trap: trap_request=0xffffffd6 fr.pc=0x00000255c7437694 relative=0x00000000000003d4
Event: 5.464 Thread 0x00000255dae8d5b0 Uncommon trap: reason=array_check action=maybe_recompile pc=0x00000255c7437694 method=java.util.LinkedHashMap.keysToArray([Ljava/lang/Object;Z)[Ljava/lang/Object; @ 67 c2
Event: 5.464 Thread 0x00000255dae8d5b0 DEOPT PACKING pc=0x00000255c7437694 sp=0x000000de68ff7d20
Event: 5.464 Thread 0x00000255dae8d5b0 DEOPT UNPACKING pc=0x00000255c6b843a2 sp=0x000000de68ff7cc0 mode 2
Event: 5.515 Thread 0x00000255dae8d5b0 Uncommon trap: trap_request=0xffffffde fr.pc=0x00000255c7415768 relative=0x0000000000000208
Event: 5.515 Thread 0x00000255dae8d5b0 Uncommon trap: reason=class_check action=maybe_recompile pc=0x00000255c7415768 method=org.gradle.internal.collect.ChampLookup.lookup(Lorg/gradle/internal/collect/ChampNode;Ljava/lang/Object;ILjava/lang/Object;Lorg/gradle/internal/collect/ChampLookup$Looku
Event: 5.515 Thread 0x00000255dae8d5b0 DEOPT PACKING pc=0x00000255c7415768 sp=0x000000de68ff7df0
Event: 5.515 Thread 0x00000255dae8d5b0 DEOPT UNPACKING pc=0x00000255c6b843a2 sp=0x000000de68ff7d58 mode 2
Event: 5.707 Thread 0x00000255dae8d5b0 Uncommon trap: trap_request=0xffffff54 fr.pc=0x00000255c7473040 relative=0x0000000000001400
Event: 5.707 Thread 0x00000255dae8d5b0 Uncommon trap: reason=speculate_null_assert action=make_not_entrant pc=0x00000255c7473040 method=java.util.jar.JarFile.getVersionedEntry(Ljava/lang/String;Ljava/util/jar/JarEntry;)Ljava/util/jar/JarEntry; @ 115 c2
Event: 5.707 Thread 0x00000255dae8d5b0 DEOPT PACKING pc=0x00000255c7473040 sp=0x000000de68ff85f0
Event: 5.707 Thread 0x00000255dae8d5b0 DEOPT UNPACKING pc=0x00000255c6b843a2 sp=0x000000de68ff85e8 mode 2
Event: 5.707 Thread 0x00000255dae8d5b0 Uncommon trap: trap_request=0xffffff45 fr.pc=0x00000255c7139c34 relative=0x0000000000000f54
Event: 5.707 Thread 0x00000255dae8d5b0 Uncommon trap: reason=unstable_if action=reinterpret pc=0x00000255c7139c34 method=java.util.jar.JarFile.getEntry(Ljava/lang/String;)Ljava/util/zip/ZipEntry; @ 15 c2
Event: 5.707 Thread 0x00000255dae8d5b0 DEOPT PACKING pc=0x00000255c7139c34 sp=0x000000de68ff86b0
Event: 5.707 Thread 0x00000255dae8d5b0 DEOPT UNPACKING pc=0x00000255c6b843a2 sp=0x000000de68ff86a8 mode 2

Classes loaded (20 events):
Event: 5.005 Loading class java/util/AbstractList$ListItr
Event: 5.005 Loading class java/util/AbstractList$ListItr done
Event: 5.043 Loading class java/lang/invoke/BoundMethodHandle$Species_LLLI
Event: 5.043 Loading class java/lang/invoke/BoundMethodHandle$Species_LLLI done
Event: 5.044 Loading class java/lang/invoke/BoundMethodHandle$Species_LLLIL
Event: 5.044 Loading class java/lang/invoke/BoundMethodHandle$Species_LLLIL done
Event: 5.044 Loading class java/lang/invoke/BoundMethodHandle$Species_LLLILL
Event: 5.044 Loading class java/lang/invoke/BoundMethodHandle$Species_LLLILL done
Event: 5.121 Loading class java/nio/file/FileSystemLoopException
Event: 5.121 Loading class java/nio/file/FileSystemLoopException done
Event: 5.323 Loading class java/util/DualPivotQuicksort
Event: 5.323 Loading class java/util/DualPivotQuicksort done
Event: 5.424 Loading class java/nio/file/Path$1
Event: 5.424 Loading class java/nio/file/Path$1 done
Event: 5.435 Loading class java/lang/invoke/BoundMethodHandle$Species_LLLJ
Event: 5.435 Loading class java/lang/invoke/BoundMethodHandle$Species_LLLJ done
Event: 5.701 Loading class java/util/concurrent/atomic/AtomicIntegerArray
Event: 5.701 Loading class java/util/concurrent/atomic/AtomicIntegerArray done
Event: 5.701 Loading class java/util/concurrent/atomic/AtomicLongArray
Event: 5.702 Loading class java/util/concurrent/atomic/AtomicLongArray done

Classes unloaded (0 events):
No events

Classes redefined (0 events):
No events

Internal exceptions (20 events):
Event: 5.093 Thread 0x00000255dae8d5b0 Exception <a 'sun/nio/fs/WindowsException'{0x0000000082c765b0}> (0x0000000082c765b0) 
thrown [s\src\hotspot\share\prims\jni.cpp, line 537]
Event: 5.094 Thread 0x00000255dae8d5b0 Exception <a 'sun/nio/fs/WindowsException'{0x0000000082c78b40}> (0x0000000082c78b40) 
thrown [s\src\hotspot\share\prims\jni.cpp, line 537]
Event: 5.138 Thread 0x00000255dae8d5b0 Exception <a 'sun/nio/fs/WindowsException'{0x00000000842c1828}> (0x00000000842c1828) 
thrown [s\src\hotspot\share\prims\jni.cpp, line 537]
Event: 5.161 Thread 0x00000255dae8d5b0 Exception <a 'java/lang/NoSuchMethodError'{0x00000000840b23e0}: 'java.lang.Object java.lang.invoke.DirectMethodHandle$Holder.newInvokeSpecial(java.lang.Object, java.lang.Object, int, java.lang.Object, java.lang.Object, java.lang.Object, java.lang.Object)'> (0x00000000840b23e0) 
thrown [s\src\hotspot\share\interpreter\linkResolver.cpp, line 784]
Event: 5.161 Thread 0x00000255dae8d5b0 Exception <a 'java/lang/NoSuchMethodError'{0x00000000840bacf0}: 'java.lang.Object java.lang.invoke.Invokers$Holder.linkToTargetMethod(java.lang.Object, int, java.lang.Object, java.lang.Object, java.lang.Object, java.lang.Object, java.lang.Object)'> (0x00000000840bacf0) 
thrown [s\src\hotspot\share\interpreter\linkResolver.cpp, line 784]
Event: 5.258 Thread 0x00000255dae8d5b0 Exception <a 'sun/nio/fs/WindowsException'{0x00000000840e9700}> (0x00000000840e9700) 
thrown [s\src\hotspot\share\prims\jni.cpp, line 537]
Event: 5.259 Thread 0x00000255dae8d5b0 Exception <a 'sun/nio/fs/WindowsException'{0x00000000840eef28}> (0x00000000840eef28) 
thrown [s\src\hotspot\share\prims\jni.cpp, line 537]
Event: 5.326 Thread 0x00000255dae8d5b0 Exception <a 'java/lang/IncompatibleClassChangeError'{0x000000008390dc90}: Found class java.lang.Object, but interface was expected> (0x000000008390dc90) 
thrown [s\src\hotspot\share\interpreter\linkResolver.cpp, line 851]
Event: 5.416 Thread 0x00000255dae8d5b0 Exception <a 'sun/nio/fs/WindowsException'{0x00000000833c76e0}> (0x00000000833c76e0) 
thrown [s\src\hotspot\share\prims\jni.cpp, line 537]
Event: 5.423 Thread 0x00000255dae8d5b0 Exception <a 'java/lang/NoSuchMethodError'{0x00000000bfb05970}: 'int java.lang.invoke.DirectMethodHandle$Holder.invokeSpecialIFC(java.lang.Object, java.lang.Object, java.lang.Object)'> (0x00000000bfb05970) 
thrown [s\src\hotspot\share\interpreter\linkResolver.cpp, line 784]
Event: 5.424 Thread 0x00000255dae8d5b0 Exception <a 'sun/nio/fs/WindowsException'{0x00000000bfb144f0}> (0x00000000bfb144f0) 
thrown [s\src\hotspot\share\prims\jni.cpp, line 537]
Event: 5.476 Thread 0x00000255dae8d5b0 Exception <a 'java/lang/NoSuchMethodError'{0x0000000084bf2148}: 'void java.lang.invoke.DirectMethodHandle$Holder.invokeStatic(java.lang.Object, java.lang.Object, java.lang.Object, int, java.lang.Object)'> (0x0000000084bf2148) 
thrown [s\src\hotspot\share\interpreter\linkResolver.cpp, line 784]
Event: 5.516 Thread 0x00000255dae8d5b0 Exception <a 'sun/nio/fs/WindowsException'{0x0000000084965978}> (0x0000000084965978) 
thrown [s\src\hotspot\share\prims\jni.cpp, line 537]
Event: 5.543 Thread 0x00000255dae8d5b0 Exception <a 'sun/nio/fs/WindowsException'{0x000000008487baa0}> (0x000000008487baa0) 
thrown [s\src\hotspot\share\prims\jni.cpp, line 537]
Event: 5.553 Thread 0x00000255dae8d5b0 Exception <a 'sun/nio/fs/WindowsException'{0x00000000848c66e8}> (0x00000000848c66e8) 
thrown [s\src\hotspot\share\prims\jni.cpp, line 537]
Event: 5.556 Thread 0x00000255dae8d5b0 Exception <a 'sun/nio/fs/WindowsException'{0x00000000848d9918}> (0x00000000848d9918) 
thrown [s\src\hotspot\share\prims\jni.cpp, line 537]
Event: 5.560 Thread 0x00000255dae8d5b0 Exception <a 'sun/nio/fs/WindowsException'{0x00000000848eeab8}> (0x00000000848eeab8) 
thrown [s\src\hotspot\share\prims\jni.cpp, line 537]
Event: 5.564 Thread 0x00000255dae8d5b0 Exception <a 'sun/nio/fs/WindowsException'{0x00000000847394e0}> (0x00000000847394e0) 
thrown [s\src\hotspot\share\prims\jni.cpp, line 537]
Event: 5.571 Thread 0x00000255dae8d5b0 Exception <a 'sun/nio/fs/WindowsException'{0x0000000084751330}> (0x0000000084751330) 
thrown [s\src\hotspot\share\prims\jni.cpp, line 537]
Event: 5.574 Thread 0x00000255dae8d5b0 Exception <a 'sun/nio/fs/WindowsException'{0x0000000084766270}> (0x0000000084766270) 
thrown [s\src\hotspot\share\prims\jni.cpp, line 537]

ZGC Phase Switch (0 events):
No events

VM Operations (20 events):
Event: 4.734 Executing safepoint VM operation: G1CollectForAllocation (G1 Evacuation Pause)
Event: 4.739 Executing safepoint VM operation: G1CollectForAllocation (G1 Evacuation Pause) done
Event: 4.753 Executing safepoint VM operation: CollectForMetadataAllocation (Metadata GC Threshold)
Event: 4.755 Executing safepoint VM operation: CollectForMetadataAllocation (Metadata GC Threshold) done
Event: 4.771 Executing safepoint VM operation: G1PauseRemark
Event: 4.773 Executing safepoint VM operation: G1PauseRemark done
Event: 4.783 Executing safepoint VM operation: G1PauseCleanup
Event: 4.783 Executing safepoint VM operation: G1PauseCleanup done
Event: 4.959 Executing safepoint VM operation: ICBufferFull
Event: 4.959 Executing safepoint VM operation: ICBufferFull done
Event: 5.006 Executing non-safepoint VM operation: HandshakeAllThreads (Deoptimize)
Event: 5.006 Executing non-safepoint VM operation: HandshakeAllThreads (Deoptimize) done
Event: 5.073 Executing safepoint VM operation: ICBufferFull
Event: 5.073 Executing safepoint VM operation: ICBufferFull done
Event: 5.098 Executing safepoint VM operation: G1CollectForAllocation (G1 Evacuation Pause)
Event: 5.101 Executing safepoint VM operation: G1CollectForAllocation (G1 Evacuation Pause) done
Event: 5.419 Executing safepoint VM operation: G1CollectForAllocation (G1 Evacuation Pause)
Event: 5.422 Executing safepoint VM operation: G1CollectForAllocation (G1 Evacuation Pause) done
Event: 5.514 Executing non-safepoint VM operation: HandshakeAllThreads (Deoptimize)
Event: 5.515 Executing non-safepoint VM operation: HandshakeAllThreads (Deoptimize) done

Memory protections (0 events):
No events

Nmethod flushes (20 events):
Event: 4.772 Thread 0x00000255d4358be0 flushing  nmethod 0x00000255bfa16810
Event: 4.772 Thread 0x00000255d4358be0 flushing  nmethod 0x00000255bfa56190
Event: 4.772 Thread 0x00000255d4358be0 flushing  nmethod 0x00000255bfc85d10
Event: 4.772 Thread 0x00000255d4358be0 flushing  nmethod 0x00000255c7167b90
Event: 4.772 Thread 0x00000255d4358be0 flushing  nmethod 0x00000255c719ee10
Event: 4.772 Thread 0x00000255d4358be0 flushing  nmethod 0x00000255c71c0690
Event: 4.772 Thread 0x00000255d4358be0 flushing  nmethod 0x00000255c71f8990
Event: 4.772 Thread 0x00000255d4358be0 flushing  nmethod 0x00000255bf60d610
Event: 4.772 Thread 0x00000255d4358be0 flushing  nmethod 0x00000255bf742010
Event: 4.772 Thread 0x00000255d4358be0 flushing  nmethod 0x00000255bf74b390
Event: 4.772 Thread 0x00000255d4358be0 flushing  nmethod 0x00000255bf7b9e90
Event: 4.772 Thread 0x00000255d4358be0 flushing  nmethod 0x00000255bf7bbb10
Event: 4.772 Thread 0x00000255d4358be0 flushing  nmethod 0x00000255bf7bcd10
Event: 4.772 Thread 0x00000255d4358be0 flushing  nmethod 0x00000255bf7bd110
Event: 4.772 Thread 0x00000255d4358be0 flushing  nmethod 0x00000255bf7e2a90
Event: 4.772 Thread 0x00000255d4358be0 flushing  nmethod 0x00000255bf7e3190
Event: 4.772 Thread 0x00000255d4358be0 flushing  nmethod 0x00000255bf7ea490
Event: 4.772 Thread 0x00000255d4358be0 flushing  nmethod 0x00000255bf984390
Event: 4.772 Thread 0x00000255d4358be0 flushing  nmethod 0x00000255bf985710
Event: 4.772 Thread 0x00000255d4358be0 flushing  nmethod 0x00000255bf985c90

Events (20 events):
Event: 3.731 Thread 0x00000255dae8d5b0 Thread added: 0x00000255e04dcea0
Event: 3.777 Thread 0x00000255dae8d5b0 Thread added: 0x00000255e04e0320
Event: 4.262 Thread 0x00000255dae8d5b0 Thread added: 0x00000255e04dfc90
Event: 4.834 Thread 0x00000255dae8d5b0 Thread added: 0x00000255e04def70
Event: 4.836 Thread 0x00000255dae8d5b0 Thread added: 0x00000255e04dd530
Event: 4.837 Thread 0x00000255dae8d5b0 Thread added: 0x00000255e04e1040
Event: 4.838 Thread 0x00000255dae8d5b0 Thread added: 0x00000255e04ddbc0
Event: 4.839 Thread 0x00000255dae8d5b0 Thread added: 0x00000255e04e16d0
Event: 4.840 Thread 0x00000255dae8d5b0 Thread added: 0x00000255e04e1d60
Event: 4.841 Thread 0x00000255dae8d5b0 Thread added: 0x00000255e04de8e0
Event: 4.842 Thread 0x00000255dae8d5b0 Thread added: 0x00000255e04e2a80
Event: 4.843 Thread 0x00000255dae8d5b0 Thread added: 0x00000255e04e23f0
Event: 4.844 Thread 0x00000255dae8d5b0 Thread added: 0x00000255e04e3110
Event: 4.846 Thread 0x00000255dae8d5b0 Thread added: 0x00000255e04e37a0
Event: 4.868 Thread 0x00000255dae8d5b0 Thread added: 0x00000255e04e44c0
Event: 4.926 Thread 0x00000255dae8d5b0 Thread added: 0x00000255e04e3e30
Event: 4.967 Thread 0x00000255dae8d5b0 Thread added: 0x00000255e03bc130
Event: 5.012 Thread 0x00000255dae8d5b0 Thread added: 0x00000255e03bc7c0
Event: 5.027 Thread 0x00000255dae8d5b0 Thread added: 0x00000255e03bbaa0
Event: 5.032 Thread 0x00000255dae8d5b0 Thread added: 0x00000255e03bce50


Dynamic libraries:
0x00007ff7b6a70000 - 0x00007ff7b6a7a000 	C:\Program Files\Android\Android Studio\jbr\bin\java.exe
0x00007ffa272c0000 - 0x00007ffa27527000 	C:\WINDOWS\SYSTEM32\ntdll.dll
0x00007ffa26970000 - 0x00007ffa26a3a000 	C:\WINDOWS\System32\KERNEL32.DLL
0x00007ffa24610000 - 0x00007ffa24a12000 	C:\WINDOWS\System32\KERNELBASE.dll
0x00007ffa24ae0000 - 0x00007ffa24c2c000 	C:\WINDOWS\System32\ucrtbase.dll
0x00007ffa14920000 - 0x00007ffa1493b000 	C:\Program Files\Android\Android Studio\jbr\bin\VCRUNTIME140.dll
0x00007ff9d2f00000 - 0x00007ff9d2f18000 	C:\Program Files\Android\Android Studio\jbr\bin\jli.dll
0x00007ffa24ff0000 - 0x00007ffa251bf000 	C:\WINDOWS\System32\USER32.dll
0x00007ffa24d70000 - 0x00007ffa24d97000 	C:\WINDOWS\System32\win32u.dll
0x00007ffa0ac30000 - 0x00007ffa0aec0000 	C:\WINDOWS\WinSxS\amd64_microsoft.windows.common-controls_6595b64144ccf1df_6.0.26100.9278_none_3e0d1ba8e3303201\COMCTL32.dll
0x00007ffa251d0000 - 0x00007ffa251fb000 	C:\WINDOWS\System32\GDI32.dll
0x00007ffa262b0000 - 0x00007ffa26359000 	C:\WINDOWS\System32\msvcrt.dll
0x00007ffa24c40000 - 0x00007ffa24d69000 	C:\WINDOWS\System32\gdi32full.dll
0x00007ffa24560000 - 0x00007ffa24603000 	C:\WINDOWS\System32\msvcp_win.dll
0x00007ffa267f0000 - 0x00007ffa26821000 	C:\WINDOWS\System32\IMM32.DLL
0x00007ffa19770000 - 0x00007ffa1977c000 	C:\Program Files\Android\Android Studio\jbr\bin\vcruntime140_1.dll
0x00007ff9d2350000 - 0x00007ff9d23dd000 	C:\Program Files\Android\Android Studio\jbr\bin\msvcp140.dll
0x00007ff9201d0000 - 0x00007ff920e66000 	C:\Program Files\Android\Android Studio\jbr\bin\server\jvm.dll
0x00007ffa26a60000 - 0x00007ffa26b1c000 	C:\WINDOWS\System32\ADVAPI32.dll
0x00007ffa27040000 - 0x00007ffa270e9000 	C:\WINDOWS\System32\sechost.dll
0x00007ffa25ba0000 - 0x00007ffa25cb8000 	C:\WINDOWS\System32\RPCRT4.dll
0x00007ffa26de0000 - 0x00007ffa26e60000 	C:\WINDOWS\System32\WS2_32.dll
0x00007ffa23cf0000 - 0x00007ffa23d4e000 	C:\WINDOWS\SYSTEM32\POWRPROF.dll
0x00007ffa1a4a0000 - 0x00007ffa1a4ab000 	C:\WINDOWS\SYSTEM32\VERSION.dll
0x00007ffa19d80000 - 0x00007ffa19db6000 	C:\WINDOWS\SYSTEM32\WINMM.dll
0x00007ffa23cd0000 - 0x00007ffa23ce5000 	C:\WINDOWS\SYSTEM32\UMPDC.dll
0x00007ffa23160000 - 0x00007ffa2317b000 	C:\WINDOWS\SYSTEM32\kernel.appcore.dll
0x00007ffa192c0000 - 0x00007ffa192ca000 	C:\Program Files\Android\Android Studio\jbr\bin\jimage.dll
0x00007ffa1de90000 - 0x00007ffa1e0d2000 	C:\WINDOWS\SYSTEM32\DBGHELP.DLL
0x00007ffa25d40000 - 0x00007ffa260c4000 	C:\WINDOWS\System32\combase.dll
0x00007ffa26f60000 - 0x00007ffa27039000 	C:\WINDOWS\System32\OLEAUT32.dll
0x00007ff9ffb80000 - 0x00007ff9ffbbb000 	C:\WINDOWS\SYSTEM32\dbgcore.DLL
0x00007ffa24a20000 - 0x00007ffa24acc000 	C:\WINDOWS\System32\bcryptPrimitives.dll
0x00007ff9e93a0000 - 0x00007ff9e93ae000 	C:\Program Files\Android\Android Studio\jbr\bin\instrument.dll
0x00007ffa01fa0000 - 0x00007ffa01fc0000 	C:\Program Files\Android\Android Studio\jbr\bin\java.dll
0x00007ffa01cd0000 - 0x00007ffa01ce8000 	C:\Program Files\Android\Android Studio\jbr\bin\zip.dll
0x00007ffa25300000 - 0x00007ffa25a98000 	C:\WINDOWS\System32\SHELL32.dll
0x00007ffa21ef0000 - 0x00007ffa2279e000 	C:\WINDOWS\SYSTEM32\windows.storage.dll
0x00007ffa25aa0000 - 0x00007ffa25b9b000 	C:\WINDOWS\System32\SHCORE.dll
0x00007ffa25cc0000 - 0x00007ffa25d26000 	C:\WINDOWS\System32\shlwapi.dll
0x00007ffa243f0000 - 0x00007ffa24419000 	C:\WINDOWS\SYSTEM32\profapi.dll
0x00007ffa19290000 - 0x00007ffa192a0000 	C:\Program Files\Android\Android Studio\jbr\bin\net.dll
0x00007ffa1b130000 - 0x00007ffa1b25a000 	C:\WINDOWS\SYSTEM32\WINHTTP.dll
0x00007ffa23700000 - 0x00007ffa2376c000 	C:\WINDOWS\system32\mswsock.dll
0x00007ffa01be0000 - 0x00007ffa01bf6000 	C:\Program Files\Android\Android Studio\jbr\bin\nio.dll
0x00007ff9fe330000 - 0x00007ff9fe340000 	C:\Program Files\Android\Android Studio\jbr\bin\verify.dll
0x00007ff9d4740000 - 0x00007ff9d4767000 	C:\Users\azamb\.gradle\native\660c5614fbf4a5f2a75b1949f50a0caf5cd603558e7d8a26e50b933a0cfb79d1\windows-amd64\native-platform.dll
0x00007ff91cf30000 - 0x00007ff91cfa7000 	C:\Users\azamb\.gradle\native\0.2.8\x86_64-windows-gnu\gradle-fileevents.dll
0x00007ffa15270000 - 0x00007ffa15279000 	C:\Program Files\Android\Android Studio\jbr\bin\management.dll
0x00007ffa14870000 - 0x00007ffa1487b000 	C:\Program Files\Android\Android Studio\jbr\bin\management_ext.dll
0x00007ffa25d30000 - 0x00007ffa25d38000 	C:\WINDOWS\System32\PSAPI.DLL
0x00007ffa22b60000 - 0x00007ffa22b93000 	C:\WINDOWS\SYSTEM32\IPHLPAPI.DLL
0x00007ffa26f00000 - 0x00007ffa26f0a000 	C:\WINDOWS\System32\NSI.dll
0x00007ffa152b0000 - 0x00007ffa152b9000 	C:\Program Files\Android\Android Studio\jbr\bin\extnet.dll
0x00007ffa23b20000 - 0x00007ffa23b3b000 	C:\WINDOWS\SYSTEM32\CRYPTSP.dll
0x00007ffa230c0000 - 0x00007ffa230f9000 	C:\WINDOWS\system32\rsaenh.dll
0x00007ffa237b0000 - 0x00007ffa237e4000 	C:\WINDOWS\SYSTEM32\USERENV.dll
0x00007ffa243c0000 - 0x00007ffa243ea000 	C:\WINDOWS\SYSTEM32\bcrypt.dll
0x00007ffa23960000 - 0x00007ffa2396c000 	C:\WINDOWS\SYSTEM32\CRYPTBASE.dll
0x00007ff9ff5a0000 - 0x00007ff9ff5a8000 	C:\WINDOWS\system32\wshunix.dll

JVMTI agents:
C:\Users\azamb\.gradle\wrapper\dists\gradle-9.5.0-bin\bvnork1r7n8i6kp5cnkibsc9q\gradle-9.5.0\lib\agents\gradle-instrumentation-agent-9.5.0.jar path:C:\Program Files\Android\Android Studio\jbr\bin\instrument.dll, loaded, initialized, instrumentlib options:none

dbghelp: loaded successfully - version: 4.0.5 - missing functions: none
symbol engine: initialized successfully - sym options: 0x614 - pdb path: .;C:\Program Files\Android\Android Studio\jbr\bin;C:\WINDOWS\SYSTEM32;C:\WINDOWS\WinSxS\amd64_microsoft.windows.common-controls_6595b64144ccf1df_6.0.26100.9278_none_3e0d1ba8e3303201;C:\Program Files\Android\Android Studio\jbr\bin\server;C:\Users\azamb\.gradle\native\660c5614fbf4a5f2a75b1949f50a0caf5cd603558e7d8a26e50b933a0cfb79d1\windows-amd64;C:\Users\azamb\.gradle\native\0.2.8\x86_64-windows-gnu

VM Arguments:
jvm_args: --add-opens=java.base/java.lang=ALL-UNNAMED --add-opens=java.base/java.lang.invoke=ALL-UNNAMED --add-opens=java.base/java.util=ALL-UNNAMED --add-opens=java.prefs/java.util.prefs=ALL-UNNAMED --add-exports=jdk.compiler/com.sun.tools.javac.api=ALL-UNNAMED --add-exports=jdk.compiler/com.sun.tools.javac.util=ALL-UNNAMED --add-opens=java.base/java.nio.charset=ALL-UNNAMED --add-opens=java.base/java.net=ALL-UNNAMED --add-opens=java.base/java.util.concurrent=ALL-UNNAMED --add-opens=java.base/java.util.concurrent.atomic=ALL-UNNAMED --add-opens=java.xml/javax.xml.namespace=ALL-UNNAMED --add-opens=java.base/java.time=ALL-UNNAMED -Xmx2048m -Dfile.encoding=UTF-8 -Duser.country=CA -Duser.language=en -Duser.variant -javaagent:C:\Users\azamb\.gradle\wrapper\dists\gradle-9.5.0-bin\bvnork1r7n8i6kp5cnkibsc9q\gradle-9.5.0\lib\agents\gradle-instrumentation-agent-9.5.0.jar 
java_command: org.gradle.launcher.daemon.bootstrap.GradleDaemon 9.5.0
java_class_path (initial): C:\Users\azamb\.gradle\wrapper\dists\gradle-9.5.0-bin\bvnork1r7n8i6kp5cnkibsc9q\gradle-9.5.0\lib\gradle-daemon-main-9.5.0.jar
Launcher Type: SUN_STANDARD

[Global flags]
     intx CICompilerCount                          = 4                                         {product} {ergonomic}
     uint ConcGCThreads                            = 3                                         {product} {ergonomic}
     uint G1ConcRefinementThreads                  = 10                                        {product} {ergonomic}
   size_t G1HeapRegionSize                         = 1048576                                   {product} {ergonomic}
    uintx GCDrainStackTargetSize                   = 64                                        {product} {ergonomic}
   size_t InitialHeapSize                          = 1069547520                                {product} {ergonomic}
   size_t MarkStackSize                            = 4194304                                   {product} {ergonomic}
   size_t MaxHeapSize                              = 2147483648                                {product} {command line}
   size_t MaxNewSize                               = 1287651328                                {product} {ergonomic}
   size_t MinHeapDeltaBytes                        = 1048576                                   {product} {ergonomic}
   size_t MinHeapSize                              = 8388608                                   {product} {ergonomic}
    uintx NonNMethodCodeHeapSize                   = 5839372                                {pd product} {ergonomic}
    uintx NonProfiledCodeHeapSize                  = 122909434                              {pd product} {ergonomic}
    uintx ProfiledCodeHeapSize                     = 122909434                              {pd product} {ergonomic}
    uintx ReservedCodeCacheSize                    = 251658240                              {pd product} {ergonomic}
     bool SegmentedCodeCache                       = true                                      {product} {ergonomic}
   size_t SoftMaxHeapSize                          = 2147483648                             {manageable} {ergonomic}
     bool UseCompressedOops                        = true                           {product lp64_product} {ergonomic}
     bool UseG1GC                                  = true                                      {product} {ergonomic}
     bool UseLargePagesIndividualAllocation        = false                                  {pd product} {ergonomic}

Logging:
Log output configuration:
 #0: stdout all=warning uptime,level,tags foldmultilines=false
 #1: stderr all=off uptime,level,tags foldmultilines=false

Release file:
JAVA_VERSION="21.0.10" 
MODULES="java.base java.compiler java.datatransfer java.xml java.prefs java.desktop java.instrument java.logging java.management java.security.sasl java.naming java.rmi java.management.rmi java.net.http java.scripting java.security.jgss java.transaction.xa java.sql java.sql.rowset java.xml.crypto java.se java.smartcardio jdk.accessibility jdk.internal.jvmstat jdk.attach jdk.charsets jdk.internal.opt jdk.zipfs jdk.compiler jdk.crypto.ec jdk.crypto.cryptoki jdk.dynalink jdk.hotspot.agent jdk.httpserver jdk.internal.ed jdk.internal.le jdk.internal.vm.ci jdk.jartool jdk.javadoc jdk.jcmd jdk.jdeps jdk.jdwp.agent jdk.jdi jdk.jfr jdk.jlink jdk.jsobject jdk.localedata jdk.management jdk.management.agent jdk.management.jfr jdk.naming.dns jdk.naming.rmi jdk.net jdk.sctp jdk.security.auth jdk.security.jgss jdk.unsupported jdk.unsupported.desktop jdk.xml.dom" 
IMPLEMENTOR="JetBrains s.r.o." 
JAVA_RUNTIME_VERSION="21.0.10+-14961533-b1163.108" 
LIBC="default" 
OS_ARCH="x86_64" 
OS_NAME="Windows" 
SOURCE=".:git:1351622c2ff2" 

Environment Variables:
PATH=C:\Program Files\Common Files\Oracle\Java\javapath;C:\Program Files\Microsoft SDKs\Azure\CLI2\wbin;C:\Program Files\Microsoft MPI\Bin\;C:\WINDOWS\system32;C:\WINDOWS;C:\WINDOWS\System32\Wbem;C:\WINDOWS\System32\WindowsPowerShell\v1.0\;C:\WINDOWS\System32\OpenSSH\;C:\Program Files\PuTTY\;C:\Program Files\AzCopy;C:\Program Files (x86)\Microsoft SQL Server\150\DTS\Binn\;C:\Program Files\Azure Data Studio\bin;C:\Program Files (x86)\Microsoft SQL Server\160\Tools\Binn\;C:\Program Files\Microsoft SQL Server\160\Tools\Binn\;C:\Program Files\Microsoft SQL Server\Client SDK\ODBC\170\Tools\Binn\;C:\Program Files\Microsoft SQL Server\160\DTS\Binn\;C:\Program Files\dotnet\;C:\Program Files (x86)\NVIDIA Corporation\PhysX\Common;C:\Program Files\nodejs\;C:\Program Files\Git\cmd;C:\Users\azamb\Flutter\flutter\bin;C:\Program Files\PowerShell\7\;C:\Users\azamb\AppData\Local\Programs\Python\Python312\Scripts\;C:\Users\azamb\AppData\Local\Programs\Python\Python312\;C:\Users\azamb\AppData\Local\Microsoft\WindowsApps;C:\Users\azamb\AppData\Local\Programs\AZCopy;C:\Program Files\Azure Data Studio\bin;C:\Users\azamb\AppData\Local\Google\Cloud SDK\google-cloud-sdk\bin;C:\Users\azamb\AppData\Local\Programs\Microsoft VS Code\bin;C:\Program Files (x86)\Nmap;C:\Users\azamb\AppData\Roaming\npm;C:\Program Files\JetBrains\IntelliJ IDEA 2026.2.0.1\bin
USERNAME=azamb
OS=Windows_NT
PROCESSOR_IDENTIFIER=Intel64 Family 6 Model 165 Stepping 2, GenuineIntel
TMP=C:\Users\azamb\AppData\Local\Temp
TEMP=C:\Users\azamb\AppData\Local\Temp




Periodic native trim disabled

JNI global refs:
JNI global refs: 22, weak refs: 0

JNI global refs memory usage: 835, weak refs: 833

Process memory usage:
Resident Set Size: 301892K (0% of 66733168K total physical memory with 42471216K free physical memory)

OOME stack traces (most recent first):
Classloader memory used:
Loader org.gradle.internal.classloader.VisitableURLClassLoader                         : 32268K
Loader bootstrap                                                                       : 22784K
Loader org.gradle.initialization.MixInLegacyTypesClassLoader                           : 10380K
Loader jdk.internal.loader.ClassLoaders$AppClassLoader                                 : 189K
Loader jdk.internal.loader.ClassLoaders$PlatformClassLoader                            : 140K
Loader org.gradle.groovy.scripts.internal.DefaultScriptCompilationHandler$ScriptClassLoader: 104K
Loader org.gradle.internal.classloader.VisitableURLClassLoader$InstrumentingVisitableURLClassLoader: 55088B
Loader org.gradle.internal.classloader.VisitableURLClassLoader                         : 22656B
Loader jdk.internal.reflect.DelegatingClassLoader                                      : 10608B

Classes loaded by more than one classloader:
Class org.gradle.internal.classloader.FilteringClassLoader                            : loaded 2 times (x 105B)
Class org.gradle.internal.classloader.ClassLoaderHierarchy                            : loaded 2 times (x 70B)
Class org.gradle.internal.classloader.DefaultClassLoaderFactory                       : loaded 2 times (x 82B)
Class org.gradle.api.internal.DefaultClassPathProvider                                : loaded 2 times (x 76B)
Class [Lorg.gradle.api.internal.ClassPathProvider;                                    : loaded 2 times (x 69B)
Class org.gradle.api.internal.ClassPathProvider                                       : loaded 2 times (x 70B)
Class org.gradle.internal.service.UnknownServiceException                             : loaded 2 times (x 83B)
Class org.gradle.internal.classpath.TransformedClassPath                              : loaded 2 times (x 96B)
Class org.gradle.internal.classloader.InstrumentingClassLoader                        : loaded 2 times (x 70B)
Class org.gradle.internal.service.ServiceLocator                                      : loaded 2 times (x 70B)
Class org.gradle.api.internal.classpath.DefaultModuleRegistry$DefaultModule           : loaded 2 times (x 82B)
Class org.gradle.api.internal.classpath.Module                                        : loaded 2 times (x 70B)
Class org.gradle.api.internal.classpath.UnknownModuleException                        : loaded 2 times (x 82B)
Class ijJvmDebugger1_60g2pb9ysy5vpnalij04uyw9h                                        : loaded 2 times (x 171B)
Class ijJvmDebugger1_60g2pb9ysy5vpnalij04uyw9h$_run_closure1                          : loaded 2 times (x 139B)
Class org.gradle.api.internal.DefaultClassPathRegistry                                : loaded 2 times (x 76B)
Class org.gradle.internal.classpath.DefaultClassPath$ImmutableUniqueList              : loaded 2 times (x 199B)
Class org.gradle.api.internal.ClassPathRegistry                                       : loaded 2 times (x 70B)
Class org.gradle.internal.classpath.ClassPath                                         : loaded 2 times (x 70B)
Class org.gradle.api.internal.classpath.DefaultModuleRegistry$DefaultModuleAlias      : loaded 2 times (x 80B)
Class org.gradle.api.internal.classpath.ModuleRegistry                                : loaded 2 times (x 70B)
Class org.gradle.internal.installation.GradleInstallation$1                           : loaded 2 times (x 75B)
Class org.gradle.api.internal.classpath.DefaultModuleRegistry                         : loaded 2 times (x 84B)
Class ijKotlinCoroutineJvmDebugInit1_e4di1egu4q9rriltqrzb9fmd1                        : loaded 2 times (x 171B)
Class org.gradle.internal.service.ServiceLookupException                              : loaded 2 times (x 82B)
Class org.gradle.internal.classloader.ClassLoaderFactory                              : loaded 2 times (x 70B)
Class org.gradle.internal.service.CachingServiceLocator                               : loaded 2 times (x 82B)
Class org.gradle.internal.classloader.ClasspathUtil                                   : loaded 2 times (x 71B)
Class org.gradle.api.specs.Spec                                                       : loaded 2 times (x 70B)
Class ijKotlinCoroutineJvmDebugInit1_e4di1egu4q9rriltqrzb9fmd1$_run_closure1          : loaded 2 times (x 139B)
Class ijJvmDebugger1_60g2pb9ysy5vpnalij04uyw9h$_run_closure1$_closure2                : loaded 2 times (x 140B)
Class org.gradle.internal.classloader.VisitableURLClassLoader$InstrumentingVisitableURLClassLoader: loaded 2 times (x 123B)
Class org.gradle.internal.classloader.VisitableURLClassLoader$Spec                    : loaded 2 times (x 74B)
Class org.gradle.internal.classpath.DefaultClassPath                                  : loaded 2 times (x 90B)
Class org.gradle.internal.classloader.ClassLoaderSpec                                 : loaded 2 times (x 71B)
Class org.gradle.api.internal.classpath.Module$ModuleAlias                            : loaded 2 times (x 70B)
Class org.gradle.internal.classloader.VisitableURLClassLoader                         : loaded 2 times (x 117B)
Class org.gradle.internal.Cast                                                        : loaded 2 times (x 71B)
Class org.gradle.api.Action                                                           : loaded 2 times (x 70B)
Class org.gradle.internal.classpath.DefaultClassPath$ImmutableUniqueList$Builder      : loaded 2 times (x 75B)
Class org.gradle.api.GradleException                                                  : loaded 2 times (x 82B)
Class org.gradle.internal.IoActions                                                   : loaded 2 times (x 71B)
Class ijKotlinCoroutineJvmDebugInit1_e4di1egu4q9rriltqrzb9fmd1$_run_closure1$_closure2: loaded 2 times (x 139B)
Class org.gradle.internal.installation.CurrentGradleInstallationLocator               : loaded 2 times (x 71B)
Class org.gradle.internal.service.DefaultServiceLocator                               : loaded 2 times (x 83B)
Class org.gradle.internal.installation.CurrentGradleInstallation                      : loaded 2 times (x 73B)
Class org.gradle.util.internal.GUtil                                                  : loaded 2 times (x 71B)
Class org.gradle.internal.installation.GradleInstallation                             : loaded 2 times (x 75B)

---------------  S Y S T E M  ---------------

OS:
 Windows 11 , 64 bit Build 26100 (10.0.26100.9278)
OS uptime: 3 days 12:31 hours
Hyper-V role detected

CPU: total 12 (initial active 12) (6 cores per cpu, 2 threads per core) family 6 model 165 stepping 2 microcode 0x100, cx8, cmov, fxsr, ht, mmx, 3dnowpref, sse, sse2, sse3, ssse3, sse4.1, sse4.2, popcnt, lzcnt, tsc, tscinvbit, avx, avx2, aes, erms, clmul, bmi1, bmi2, adx, fma, vzeroupper, clflush, clflushopt, hv, rdtscp, f16c
Processor Information for the first 12 processors :
  Max Mhz: 2712, Current Mhz: 2712, Mhz Limit: 2712

Memory: 4k page, system-wide physical 65169M (41471M free)
TotalPageFile size 69265M (AvailPageFile size 38599M)
current process WorkingSet (physical memory assigned to process): 297M, peak: 312M
current process commit charge ("private bytes"): 335M, peak: 1194M

vm_info: OpenJDK 64-Bit Server VM (21.0.10+-14961533-b1163.108) for windows-amd64 JRE (21.0.10+-14961533-b1163.108), built on 2026-03-02T19:58:50Z by "builder" with MS VC++ 16.10 / 16.11 (VS2019)

END.
